---
source: lopa-core/src/parsing/parser.rs
expression: "parse(\"generic_call<A>()\", |p| p.expr())"
---
CALL_EXPR: 0..17 
  PATH_EXPR: 0..15 
    PATH: 0..15 
      PATH_SEGMENT: 0..15 
        IDENT: 0..12 "generic_call"
        GENERIC_ARGUMENTS: 12..15 
          LT: 12..13 "<"
          PATH_TYPE: 13..14 
            PATH: 13..14 
              PATH_SEGMENT: 13..14 
                IDENT: 13..14 "A"
          GT: 14..15 ">"
  L_PAREN: 15..16 "("
  R_PAREN: 16..17 ")"
