---
source: lopa-core/src/parsing/parser.rs
expression: "parse(\"a[1] = b = c\", |p| p.expr())"
---
BINARY_EXPR: 0..12 
  BINARY_EXPR: 0..8 
    INDEX_EXPR: 0..4 
      PATH_EXPR: 0..1 
        PATH: 0..1 
          PATH_SEGMENT: 0..1 
            IDENT: 0..1 "a"
      L_BRACKET: 1..2 "["
      LIT_EXPR: 2..3 
        INT: 2..3 "1"
      R_BRACKET: 3..4 "]"
    WHITESPACE: 4..5 
    EQ: 5..6 "="
    WHITESPACE: 6..7 
    PATH_EXPR: 7..8 
      PATH: 7..8 
        PATH_SEGMENT: 7..8 
          IDENT: 7..8 "b"
  WHITESPACE: 8..9 
  EQ: 9..10 "="
  WHITESPACE: 10..11 
  PATH_EXPR: 11..12 
    PATH: 11..12 
      PATH_SEGMENT: 11..12 
        IDENT: 11..12 "c"
