---
source: lopa-core/src/parsing/parser.rs
expression: "parse(\"{ something; something_else; }\", |p| p.block())"
---
BLOCK_EXPR: 0..30 
  L_BRACE: 0..1 "{"
  WHITESPACE: 1..2 
  EXPR_STMT: 2..13 
    PATH_EXPR: 2..11 
      PATH: 2..11 
        IDENT: 2..11 "something"
    SEMI: 11..12 ";"
    WHITESPACE: 12..13 
  EXPR_STMT: 13..29 
    PATH_EXPR: 13..27 
      PATH: 13..27 
        IDENT: 13..27 "something_else"
    SEMI: 27..28 ";"
    WHITESPACE: 28..29 
  R_BRACE: 29..30 "}"
