---
source: lopa-core/src/parsing/parser.rs
expression: "parse(\"obj.generic_method<A>()\", |p| p.expr())"
---
METHOD_EXPR: 0..23 
  PATH_EXPR: 0..3 
    PATH: 0..3 
      PATH_SEGMENT: 0..3 
        IDENT: 0..3 "obj"
  DOT: 3..4 "."
  NAME: 4..18 
    IDENT: 4..18 "generic_method"
  GENERIC_ARGUMENTS: 18..21 
    LT: 18..19 "<"
    PATH_TYPE: 19..20 
      PATH: 19..20 
        PATH_SEGMENT: 19..20 
          IDENT: 19..20 "A"
    GT: 20..21 ">"
  L_PAREN: 21..22 "("
  R_PAREN: 22..23 ")"
