---
source: lopa-core/src/parsing/parser.rs
expression: "parse(\"struct MyStruct: Parent {\n                    foo: Foo,\n                    bar: Bar,\n                    fn test(self) -> FooBar {\n                        self.foo + self.bar\n                    }\n                }\n                \",\n|p| p.struct_item())"
---
STRUCT_ITEM: 0..215 
  STRUCT_KW: 0..6 "struct"
  WHITESPACE: 6..7 
  NAME: 7..15 
    IDENT: 7..15 "MyStruct"
  PARENT: 15..23 
    COLON: 15..16 ":"
    WHITESPACE: 16..17 
    PATH: 17..23 
      PATH_SEGMENT: 17..23 
        IDENT: 17..23 "Parent"
  WHITESPACE: 23..24 
  L_BRACE: 24..25 "{"
  WHITESPACE: 25..46 
  FIELD: 46..54 
    NAME: 46..49 
      IDENT: 46..49 "foo"
    COLON: 49..50 ":"
    WHITESPACE: 50..51 
    ITEM_TYPE: 51..54 
      PATH_TYPE: 51..54 
        PATH: 51..54 
          PATH_SEGMENT: 51..54 
            IDENT: 51..54 "Foo"
  COMMA: 54..55 ","
  WHITESPACE: 55..76 
  FIELD: 76..84 
    NAME: 76..79 
      IDENT: 76..79 "bar"
    COLON: 79..80 ":"
    WHITESPACE: 80..81 
    ITEM_TYPE: 81..84 
      PATH_TYPE: 81..84 
        PATH: 81..84 
          PATH_SEGMENT: 81..84 
            IDENT: 81..84 "Bar"
  COMMA: 84..85 ","
  WHITESPACE: 85..106 
  FN_ITEM: 106..197 
    FN_KW: 106..108 "fn"
    WHITESPACE: 108..109 
    NAME: 109..113 
      IDENT: 109..113 "test"
    PARAM_LIST: 113..119 
      L_PAREN: 113..114 "("
      PARAM: 114..118 
        SELF_KW: 114..118 "self"
      R_PAREN: 118..119 ")"
    WHITESPACE: 119..120 
    RETURN_TYPE: 120..129 
      ARROW: 120..122 "->"
      WHITESPACE: 122..123 
      PATH_TYPE: 123..129 
        PATH: 123..129 
          PATH_SEGMENT: 123..129 
            IDENT: 123..129 "FooBar"
    WHITESPACE: 129..130 
    BLOCK_EXPR: 130..197 
      L_BRACE: 130..131 "{"
      WHITESPACE: 131..156 
      EXPR_STMT: 156..175 
        BINARY_EXPR: 156..175 
          FIELD_EXPR: 156..164 
            SELF_EXPR: 156..160 
              SELF_KW: 156..160 "self"
            DOT: 160..161 "."
            NAME: 161..164 
              IDENT: 161..164 "foo"
          WHITESPACE: 164..165 
          PLUS: 165..166 "+"
          WHITESPACE: 166..167 
          FIELD_EXPR: 167..175 
            SELF_EXPR: 167..171 
              SELF_KW: 167..171 "self"
            DOT: 171..172 "."
            NAME: 172..175 
              IDENT: 172..175 "bar"
      WHITESPACE: 175..196 
      R_BRACE: 196..197 "}"
  WHITESPACE: 197..214 
  R_BRACE: 214..215 "}"
