---
source: lopa-core/src/parsing/parser.rs
expression: "parse(\"struct Name {\n            value: String\n        }\", |p|\np.item_type_expr())"
---
ITEM_TYPE: 0..49 
  STRUCT_ITEM: 0..49 
    STRUCT_KW: 0..6 "struct"
    WHITESPACE: 6..7 
    NAME: 7..12 
      IDENT: 7..11 "Name"
      WHITESPACE: 11..12 
    STRUCT_ELEMENT_LIST: 12..49 
      L_BRACE: 12..13 "{"
      WHITESPACE: 13..26 
      STRUCT_ELEMENT: 26..48 
        FIELD: 26..48 
          NAME: 26..31 
            IDENT: 26..31 "value"
          COLON: 31..32 ":"
          WHITESPACE: 32..33 
          ITEM_TYPE: 33..48 
            PATH_TYPE: 33..48 
              PATH: 33..48 
                IDENT: 33..39 "String"
                WHITESPACE: 39..48 
      R_BRACE: 48..49 "}"
