---
source: lopa-core/src/parsing/parser.rs
expression: "parse(\"struct MyStruct: Parent1, Parent2 {\n                    foo: Foo,\n                    bar: Bar,\n                    fn test(self) -> FooBar {\n                        self.foo + self.bar\n                    }\n                }\n                \",\n|p| p.struct_item())"
---
STRUCT_ITEM: 0..242 
  STRUCT_KW: 0..6 "struct"
  WHITESPACE: 6..7 
  NAME: 7..15 
    IDENT: 7..15 "MyStruct"
  COLON: 15..16 ":"
  WHITESPACE: 16..17 
  PARENTS_LIST: 17..34 
    NAME: 17..24 
      IDENT: 17..24 "Parent1"
    COMMA: 24..25 ","
    WHITESPACE: 25..26 
    NAME: 26..34 
      IDENT: 26..33 "Parent2"
      WHITESPACE: 33..34 
  STRUCT_ELEMENT_LIST: 34..242 
    L_BRACE: 34..35 "{"
    WHITESPACE: 35..56 
    STRUCT_ELEMENT: 56..86 
      FIELD: 56..64 
        NAME: 56..59 
          IDENT: 56..59 "foo"
        COLON: 59..60 ":"
        WHITESPACE: 60..61 
        ITEM_TYPE: 61..64 
          PATH_TYPE: 61..64 
            PATH: 61..64 
              IDENT: 61..64 "Foo"
      COMMA: 64..65 ","
      WHITESPACE: 65..86 
    STRUCT_ELEMENT: 86..116 
      FIELD: 86..94 
        NAME: 86..89 
          IDENT: 86..89 "bar"
        COLON: 89..90 ":"
        WHITESPACE: 90..91 
        ITEM_TYPE: 91..94 
          PATH_TYPE: 91..94 
            PATH: 91..94 
              IDENT: 91..94 "Bar"
      COMMA: 94..95 ","
      WHITESPACE: 95..116 
    STRUCT_ELEMENT: 116..224 
      STRUCT_FN: 116..224 
        FN_ITEM: 116..224 
          FN_KW: 116..118 "fn"
          WHITESPACE: 118..119 
          NAME: 119..123 
            IDENT: 119..123 "test"
          PARAM_LIST: 123..130 
            L_PAREN: 123..124 "("
            PARAM: 124..128 
              SELF_KW: 124..128 "self"
            R_PAREN: 128..129 ")"
            WHITESPACE: 129..130 
          RETURN_TYPE: 130..140 
            ARROW: 130..132 "->"
            WHITESPACE: 132..133 
            PATH_TYPE: 133..140 
              PATH: 133..140 
                IDENT: 133..139 "FooBar"
                WHITESPACE: 139..140 
          BLOCK_EXPR: 140..224 
            L_BRACE: 140..141 "{"
            WHITESPACE: 141..166 
            EXPR_STMT: 166..206 
              BINARY_EXPR: 166..206 
                FIELD_EXPR: 166..175 
                  SELF_EXPR: 166..170 
                    SELF_KW: 166..170 "self"
                  DOT: 170..171 "."
                  NAME: 171..175 
                    IDENT: 171..174 "foo"
                    WHITESPACE: 174..175 
                PLUS: 175..176 "+"
                WHITESPACE: 176..177 
                FIELD_EXPR: 177..206 
                  SELF_EXPR: 177..181 
                    SELF_KW: 177..181 "self"
                  DOT: 181..182 "."
                  NAME: 182..206 
                    IDENT: 182..185 "bar"
                    WHITESPACE: 185..206 
            R_BRACE: 206..207 "}"
            WHITESPACE: 207..224 
    R_BRACE: 224..225 "}"
    WHITESPACE: 225..242
