---
source: lopa-core/src/parsing/parser.rs
expression: "parse(\"struct MyStruct: Parent{\n                    foo: Foo,\n                    bar: Bar,\n                    fn test(self) -> FooBar {\n                        self.foo + self.bar\n                    }\n                }\n                \",\n|p| p.struct_item())"
---
STRUCT_ITEM: 0..214 
  STRUCT_KW: 0..6 "struct"
  WHITESPACE: 6..7 
  NAME: 7..15 
    IDENT: 7..15 "MyStruct"
  PARENT: 15..23 
    COLON: 15..16 ":"
    WHITESPACE: 16..17 
    NAME: 17..23 
      IDENT: 17..23 "Parent"
  L_BRACE: 23..24 "{"
  WHITESPACE: 24..45 
  FIELD: 45..53 
    NAME: 45..48 
      IDENT: 45..48 "foo"
    COLON: 48..49 ":"
    WHITESPACE: 49..50 
    ITEM_TYPE: 50..53 
      PATH_TYPE: 50..53 
        PATH: 50..53 
          PATH_SEGMENT: 50..53 
            IDENT: 50..53 "Foo"
  COMMA: 53..54 ","
  WHITESPACE: 54..75 
  FIELD: 75..83 
    NAME: 75..78 
      IDENT: 75..78 "bar"
    COLON: 78..79 ":"
    WHITESPACE: 79..80 
    ITEM_TYPE: 80..83 
      PATH_TYPE: 80..83 
        PATH: 80..83 
          PATH_SEGMENT: 80..83 
            IDENT: 80..83 "Bar"
  COMMA: 83..84 ","
  WHITESPACE: 84..105 
  FN_ITEM: 105..196 
    FN_KW: 105..107 "fn"
    WHITESPACE: 107..108 
    NAME: 108..112 
      IDENT: 108..112 "test"
    PARAM_LIST: 112..118 
      L_PAREN: 112..113 "("
      PARAM: 113..117 
        SELF_KW: 113..117 "self"
      R_PAREN: 117..118 ")"
    WHITESPACE: 118..119 
    RETURN_TYPE: 119..128 
      ARROW: 119..121 "->"
      WHITESPACE: 121..122 
      PATH_TYPE: 122..128 
        PATH: 122..128 
          PATH_SEGMENT: 122..128 
            IDENT: 122..128 "FooBar"
    WHITESPACE: 128..129 
    BLOCK_EXPR: 129..196 
      L_BRACE: 129..130 "{"
      WHITESPACE: 130..155 
      EXPR_STMT: 155..174 
        BINARY_EXPR: 155..174 
          FIELD_EXPR: 155..163 
            SELF_EXPR: 155..159 
              SELF_KW: 155..159 "self"
            DOT: 159..160 "."
            NAME: 160..163 
              IDENT: 160..163 "foo"
          WHITESPACE: 163..164 
          PLUS: 164..165 "+"
          WHITESPACE: 165..166 
          FIELD_EXPR: 166..174 
            SELF_EXPR: 166..170 
              SELF_KW: 166..170 "self"
            DOT: 170..171 "."
            NAME: 171..174 
              IDENT: 171..174 "bar"
      WHITESPACE: 174..195 
      R_BRACE: 195..196 "}"
  WHITESPACE: 196..213 
  R_BRACE: 213..214 "}"
