---
source: lopa-core/src/parsing/parser.rs
expression: "parse(\"(a: int, b : string)\", |p| p.param_list())"
---
PARAM_LIST: 0..20 
  L_PAREN: 0..1 "("
  PARAM: 1..7 
    NAME_PATTERN: 1..2 
      NAME: 1..2 
        IDENT: 1..2 "a"
    COLON: 2..3 ":"
    WHITESPACE: 3..4 
    LIT_TYPE: 4..7 
      PATH_TYPE: 4..7 
        PATH: 4..7 
          IDENT: 4..7 "int"
  COMMA: 7..8 ","
  WHITESPACE: 8..9 
  PARAM: 9..19 
    NAME_PATTERN: 9..11 
      NAME: 9..11 
        IDENT: 9..10 "b"
        WHITESPACE: 10..11 
    COLON: 11..12 ":"
    WHITESPACE: 12..13 
    LIT_TYPE: 13..19 
      PATH_TYPE: 13..19 
        PATH: 13..19 
          IDENT: 13..19 "string"
  R_PAREN: 19..20 ")"
