---
source: lopa-core/src/parsing/parser.rs
expression: "parse(\"if true {} else if VALUE { yo_mister_white }\", |p| p.expr())"
---
IF_EXPR: 0..44 
  IF_KW: 0..2 "if"
  WHITESPACE: 2..3 
  LIT_EXPR: 3..8 
    TRUE_KW: 3..7 "true"
    WHITESPACE: 7..8 
  BLOCK_EXPR: 8..11 
    L_BRACE: 8..9 "{"
    R_BRACE: 9..10 "}"
    WHITESPACE: 10..11 
  ELSE_KW: 11..15 "else"
  WHITESPACE: 15..16 
  IF_EXPR: 16..44 
    IF_KW: 16..18 "if"
    WHITESPACE: 18..19 
    PATH_EXPR: 19..25 
      PATH: 19..25 
        IDENT: 19..24 "VALUE"
        WHITESPACE: 24..25 
    BLOCK_EXPR: 25..44 
      L_BRACE: 25..26 "{"
      WHITESPACE: 26..27 
      EXPR_STMT: 27..43 
        PATH_EXPR: 27..43 
          PATH: 27..43 
            IDENT: 27..42 "yo_mister_white"
            WHITESPACE: 42..43 
      R_BRACE: 43..44 "}"
