---
source: lopa-core/src/parsing/parser.rs
expression: "parse(\"enum MyEnum: Parent {\n                    foo: Foo,\n                    bar: Bar,\n                    fn test(self) -> FooBar {\n                        self.foo + self.bar\n                    }\n        }\",\n|p| p.enum_item())"
---
ENUM_ITEM: 0..203 
  ENUM_KW: 0..4 "enum"
  WHITESPACE: 4..5 
  NAME: 5..11 
    IDENT: 5..11 "MyEnum"
  PARENT: 11..19 
    COLON: 11..12 ":"
    WHITESPACE: 12..13 
    NAME: 13..19 
      IDENT: 13..19 "Parent"
  WHITESPACE: 19..20 
  L_BRACE: 20..21 "{"
  WHITESPACE: 21..42 
  FIELD: 42..50 
    NAME: 42..45 
      IDENT: 42..45 "foo"
    COLON: 45..46 ":"
    WHITESPACE: 46..47 
    ITEM_TYPE: 47..50 
      PATH_TYPE: 47..50 
        PATH: 47..50 
          PATH_SEGMENT: 47..50 
            IDENT: 47..50 "Foo"
  COMMA: 50..51 ","
  WHITESPACE: 51..72 
  FIELD: 72..80 
    NAME: 72..75 
      IDENT: 72..75 "bar"
    COLON: 75..76 ":"
    WHITESPACE: 76..77 
    ITEM_TYPE: 77..80 
      PATH_TYPE: 77..80 
        PATH: 77..80 
          PATH_SEGMENT: 77..80 
            IDENT: 77..80 "Bar"
  COMMA: 80..81 ","
  WHITESPACE: 81..102 
  FN_ITEM: 102..193 
    FN_KW: 102..104 "fn"
    WHITESPACE: 104..105 
    NAME: 105..109 
      IDENT: 105..109 "test"
    PARAM_LIST: 109..115 
      L_PAREN: 109..110 "("
      PARAM: 110..114 
        SELF_KW: 110..114 "self"
      R_PAREN: 114..115 ")"
    WHITESPACE: 115..116 
    RETURN_TYPE: 116..125 
      ARROW: 116..118 "->"
      WHITESPACE: 118..119 
      PATH_TYPE: 119..125 
        PATH: 119..125 
          PATH_SEGMENT: 119..125 
            IDENT: 119..125 "FooBar"
    WHITESPACE: 125..126 
    BLOCK_EXPR: 126..193 
      L_BRACE: 126..127 "{"
      WHITESPACE: 127..152 
      EXPR_STMT: 152..171 
        BINARY_EXPR: 152..171 
          FIELD_EXPR: 152..160 
            SELF_EXPR: 152..156 
              SELF_KW: 152..156 "self"
            DOT: 156..157 "."
            NAME: 157..160 
              IDENT: 157..160 "foo"
          WHITESPACE: 160..161 
          PLUS: 161..162 "+"
          WHITESPACE: 162..163 
          FIELD_EXPR: 163..171 
            SELF_EXPR: 163..167 
              SELF_KW: 163..167 "self"
            DOT: 167..168 "."
            NAME: 168..171 
              IDENT: 168..171 "bar"
      WHITESPACE: 171..192 
      R_BRACE: 192..193 "}"
  WHITESPACE: 193..202 
  R_BRACE: 202..203 "}"
