---
source: lopa-core/src/parsing/parser.rs
expression: "parse(\"enum MyEnum {\n                    A = 0,\n                    B,\n                    C,\n                    foo: Foo,\n                    bar: Bar,\n                    fn test(self) -> FooBar {\n                        self.foo + self.bar\n                    }\n        }\",\n|p| p.enum_item())"
---
ENUM_ITEM: 0..268 
  ENUM_KW: 0..4 "enum"
  WHITESPACE: 4..5 
  NAME: 5..11 
    IDENT: 5..11 "MyEnum"
  WHITESPACE: 11..12 
  L_BRACE: 12..13 "{"
  WHITESPACE: 13..34 
  FIELD: 34..39 
    NAME: 34..35 
      IDENT: 34..35 "A"
    WHITESPACE: 35..36 
    EQ: 36..37 "="
    WHITESPACE: 37..38 
    LIT_EXPR: 38..39 
      INT: 38..39 "0"
  COMMA: 39..40 ","
  WHITESPACE: 40..61 
  FIELD: 61..62 
    NAME: 61..62 
      IDENT: 61..62 "B"
  COMMA: 62..63 ","
  WHITESPACE: 63..84 
  FIELD: 84..85 
    NAME: 84..85 
      IDENT: 84..85 "C"
  COMMA: 85..86 ","
  WHITESPACE: 86..107 
  FIELD: 107..115 
    NAME: 107..110 
      IDENT: 107..110 "foo"
    COLON: 110..111 ":"
    WHITESPACE: 111..112 
    PATH_TYPE: 112..115 
      PATH: 112..115 
        PATH_SEGMENT: 112..115 
          IDENT: 112..115 "Foo"
  COMMA: 115..116 ","
  WHITESPACE: 116..137 
  FIELD: 137..145 
    NAME: 137..140 
      IDENT: 137..140 "bar"
    COLON: 140..141 ":"
    WHITESPACE: 141..142 
    PATH_TYPE: 142..145 
      PATH: 142..145 
        PATH_SEGMENT: 142..145 
          IDENT: 142..145 "Bar"
  COMMA: 145..146 ","
  WHITESPACE: 146..167 
  FN_ITEM: 167..258 
    FN_KW: 167..169 "fn"
    WHITESPACE: 169..170 
    NAME: 170..174 
      IDENT: 170..174 "test"
    PARAM_LIST: 174..180 
      L_PAREN: 174..175 "("
      PARAM: 175..179 
        SELF_KW: 175..179 "self"
      R_PAREN: 179..180 ")"
    WHITESPACE: 180..181 
    RETURN_TYPE: 181..190 
      ARROW: 181..183 "->"
      WHITESPACE: 183..184 
      PATH_TYPE: 184..190 
        PATH: 184..190 
          PATH_SEGMENT: 184..190 
            IDENT: 184..190 "FooBar"
    WHITESPACE: 190..191 
    BLOCK_EXPR: 191..258 
      L_BRACE: 191..192 "{"
      WHITESPACE: 192..217 
      EXPR_STMT: 217..236 
        BINARY_EXPR: 217..236 
          FIELD_EXPR: 217..225 
            SELF_EXPR: 217..221 
              SELF_KW: 217..221 "self"
            DOT: 221..222 "."
            NAME: 222..225 
              IDENT: 222..225 "foo"
          WHITESPACE: 225..226 
          PLUS: 226..227 "+"
          WHITESPACE: 227..228 
          FIELD_EXPR: 228..236 
            SELF_EXPR: 228..232 
              SELF_KW: 228..232 "self"
            DOT: 232..233 "."
            NAME: 233..236 
              IDENT: 233..236 "bar"
      WHITESPACE: 236..257 
      R_BRACE: 257..258 "}"
  WHITESPACE: 258..267 
  R_BRACE: 267..268 "}"
