---
source: lopa-core/src/parsing/parser.rs
expression: "parse(\"(a: int, b: string)\", |p| p.param_list())"
---
PARAM_LIST: 0..19
  (: 0..1
  PARAM: 1..9
    NAME_PATTERN: 1..2
      NAME: 1..2
        identifier: 1..2
    :: 2..3
    WHITESPACE: 3..4
    LIT_TYPE: 4..7
      PATH: 4..7
        identifier: 4..7
    ,: 7..8
    WHITESPACE: 8..9
  PARAM: 9..18
    NAME_PATTERN: 9..10
      NAME: 9..10
        identifier: 9..10
    :: 10..11
    WHITESPACE: 11..12
    LIT_TYPE: 12..18
      PATH: 12..18
        identifier: 12..18
  ): 18..19
